
> joodug@1.0.7 test
> jest

FAIL tests/settings.test.js
  ● Test suite failed to run

    Cannot find module '../apps/rpglitch/js/app-state.js' from 'tests/settings.test.js'

      4 |
      5 | // Mock app-state
    > 6 | jest.mock("../apps/rpglitch/js/app-state.js", () => ({
        |      ^
      7 |   state: {
      8 |     settings: {
      9 |       directorMode: false,

      at Resolver._throwModNotFoundError (node_modules/jest-resolve/build/resolver.js:427:11)
      at Object.mock (tests/settings.test.js:6:6)

FAIL tests/storyboard-title.test.js
  ● Test suite failed to run

    Cannot find module '../apps/rpglitch/js/app-state.js' from 'tests/storyboard-title.test.js'

      2 |
      3 | // Mock dependencies to avoid side effects during import
    > 4 | jest.mock("../apps/rpglitch/js/app-state.js", () => ({
        |      ^
      5 |   state: {},
      6 |   applyPatch: jest.fn(),
      7 | }));

      at Resolver._throwModNotFoundError (node_modules/jest-resolve/build/resolver.js:427:11)
      at Object.mock (tests/storyboard-title.test.js:4:6)

FAIL tests/utils.test.js
  ● Test suite failed to run

    Cannot find module '../apps/rpglitch/js/core-db.js' from 'tests/utils.test.js'

      1 | import { JSDOM } from "jsdom";
      2 |
    > 3 | jest.mock("../apps/rpglitch/js/core-db.js", () => ({
        |      ^
      4 |   db: {
      5 |     on: jest.fn(),
      6 |     settings: {

      at Resolver._throwModNotFoundError (node_modules/jest-resolve/build/resolver.js:427:11)
      at Object.mock (tests/utils.test.js:3:6)

PASS tests/glob-patterns.test.js (5.144 s)
PASS tests/entities.test.js (5.019 s)
PASS tests/validation.test.js (5.143 s)
PASS tests/drawer.test.js (5.433 s)
FAIL tests/prometheus-physics.test.js
  ● Test suite failed to run

    Cannot find module '../apps/rpglitch/js/app-state.js' from 'tests/prometheus-physics.test.js'

       5 | // --- MOCKS ---
       6 | // We mock the store and entities to isolate the logic from the database/browser
    >  7 | jest.mock("../apps/rpglitch/js/app-state.js", () => ({
         |      ^
       8 |   state: {
       9 |     story: {
      10 |       byId: {

      at Resolver._throwModNotFoundError (node_modules/jest-resolve/build/resolver.js:427:11)
      at Object.mock (tests/prometheus-physics.test.js:7:6)

FAIL tests/manager-setup.test.js
  ● Test suite failed to run

    Cannot find module '../apps/rpglitch/js/app-state.js' from 'tests/manager-setup.test.js'

      2 |
      3 | // Mock dependencies
    > 4 | jest.mock("../apps/rpglitch/js/app-state.js", () => ({
        |      ^
      5 |   state: {},
      6 |   applyPatch: jest.fn(),
      7 | }));

      at Resolver._throwModNotFoundError (node_modules/jest-resolve/build/resolver.js:427:11)
      at Object.mock (tests/manager-setup.test.js:4:6)

PASS tests/chin-toggle.test.js (5.997 s)
  ● Console

    console.log
      [WorkerBridge] Worker spawned successfully.

      at WorkerBridge.log [as init] (apps/rpglitch/js/engine/physics/bridge.js:41:15)

    console.log
      [WorkerBridge] Worker spawned successfully.

      at WorkerBridge.log [as init] (apps/rpglitch/js/engine/physics/bridge.js:41:15)

FAIL tests/begin-story.test.js
  ● Test suite failed to run

    Cannot find module '../apps/rpglitch/js/core-db.js' from 'tests/begin-story.test.js'

       7 |   expect,
       8 | } from "@jest/globals";
    >  9 | import { init as initDB, db } from "../apps/rpglitch/js/core-db.js";
         | ^
      10 | import { premade } from "../apps/rpglitch/js/data/models.js";
      11 | import { JSDOM } from "jsdom"; // ADDED: ensure JSDOM is available for new JSDOM(...) in beforeEach
      12 |

      at Resolver._throwModNotFoundError (node_modules/jest-resolve/build/resolver.js:427:11)
      at Object.require (tests/begin-story.test.js:9:1)

FAIL tests/initialize.test.js
  ● Test suite failed to run

    Cannot find module '../apps/rpglitch/js/core-db.js' from 'tests/initialize.test.js'

       9 | }));
      10 |
    > 11 | jest.mock("../apps/rpglitch/js/core-db.js", () => ({
         |      ^
      12 |   db: {
      13 |     settings: {
      14 |       get: jest.fn().mockResolvedValue(undefined),

      at Resolver._throwModNotFoundError (node_modules/jest-resolve/build/resolver.js:427:11)
      at Object.mock (tests/initialize.test.js:11:6)

PASS tests/topbar-context.test.js (5.928 s)
  ● Console

    console.log
      [WorkerBridge] Worker spawned successfully.

      at WorkerBridge.log [as init] (apps/rpglitch/js/engine/physics/bridge.js:41:15)

PASS tests/chin-outside-close.test.js (5.721 s)
  ● Console

    console.log
      [WorkerBridge] Worker spawned successfully.

      at WorkerBridge.log [as init] (apps/rpglitch/js/engine/physics/bridge.js:41:15)

PASS tests/initialize-db.test.js (10.138 s)
  ● Console

    console.log
      [WorkerBridge] Worker spawned successfully.

      at WorkerBridge.log [as init] (apps/rpglitch/js/engine/physics/bridge.js:41:15)


Test Suites: 7 failed, 8 passed, 15 total
Tests:       83 passed, 83 total
Snapshots:   0 total
Time:        15.442 s
Ran all test suites.
